# Helpers for Webpack

Aggiorniamo i puntamenti ai files importati in webpack, secondo le convenzioni Rails. Altrimenti non sono chiamati.
Facciamo lo stesso per asset_pipeline.




## Apriamo il branch

già aperto nel capitolo precedente




## Verifichiamo la chiamata allo style su asset_pipeline

Il layout, tramite "stylesheet_link_tag", chiama "application_mockup_pofo" nell'asset_pipeline.

{id: "11-02-03_01", caption: ".../app/views/layouts/mockup_pofo.html.erb -- codice 01", format: ruby, line-numbers: true, number-from: 3}
```
    <%= stylesheet_link_tag 'application_mockup_pofo', media: 'all', 'data-turbolinks-track': 'reload' %><!-- usiamo asset-pipeline -->
```


Aggiorniamo "application_mockup_pofo" in modo da visualizzare in verde gli <h1> e la griglia di bootstrap.

{id: "11-02-03_02", caption: ".../app/assets/stylesheets/application_mockup_pofo.scss -- codice 02", format: ruby, line-numbers: true, number-from: 24}
```
//highlight bootstrap grid for Debug
.row > div { min-height:100px; border:1px solid red;}
h1 { 
  color: green;
}
```

[tutto il codice](#11-02-03_02all)




## Verifichiamo preview

Attiviamo il webserver

{caption: "terminal", format: bash, line-numbers: false}
```
$ sudo service postgresql start
$ rails s
```

apriamo il browser sull'URL:

* https://mycloud9path.amazonaws.com/mockups/blog_clean_full_width

Adesso visualizziamo la scritta <h1> in verde.





## Impostiamo gli helpers per puntare a webpack

Adattiamo le chiamate agli stylesheets delle views "mockups/blog_clean_full_width" e "layouts/mockup_pofo" per rispondere alle convenzioni del webpack di Rails. E' preferibile implementare tutte insieme le chiamate stylesheets e javascripts perché spesso sono collegate le une alle altre. Al codice javascript servono i css ed i soli css a volte danno una pagina bianca, che è pensata per dare tempo di caricare gli altri elementi.

I> Attenzione! Le estensioni non vengono messe

Per lo stylesheet passiamo dalla versione HTML a quella Rails come da seguente esempio (da h: ad r:)

h : <link rel="stylesheet" href="***.css" type="text/css" />
r : <%= stylesheet_link_tag '***', media: 'all', 'data-turbolinks-track': 'reload' %>


{id: "11-02-03_03", caption: ".../app/views/layouts/mockup_pofo.html.erb -- codice 03", format: HTML+Mako, line-numbers: true, number-from: 19}
```
    <!-- animation -->
    <%= stylesheet_link_tag 'pofo/css/animate', media: 'all', 'data-turbolinks-track': 'reload' %>
    <!-- bootstrap -->
    <%= stylesheet_link_tag 'pofo/css/bootstrap.min', media: 'all', 'data-turbolinks-track': 'reload' %>
    <!-- et line icon --> 
    <%= stylesheet_link_tag 'pofo/css/et-line-icons', media: 'all', 'data-turbolinks-track': 'reload' %>
    <!-- font-awesome icon -->
    <%= stylesheet_link_tag 'pofo/css/font-awesome.min', media: 'all', 'data-turbolinks-track': 'reload' %>
    <!-- themify icon -->
    <%= stylesheet_link_tag 'pofo/css/themify-icons', media: 'all', 'data-turbolinks-track': 'reload' %>
    <!-- swiper carousel -->
    <%= stylesheet_link_tag 'pofo/css/swiper.min', media: 'all', 'data-turbolinks-track': 'reload' %>
    <!-- justified gallery  -->
    <%= stylesheet_link_tag 'pofo/css/justified-gallery.min', media: 'all', 'data-turbolinks-track': 'reload' %>
    <!-- magnific popup -->
    <%= stylesheet_link_tag 'pofo/css/magnific-popup', media: 'all', 'data-turbolinks-track': 'reload' %>
    <!-- revolution slider -->
    <%= stylesheet_link_tag 'pofo/revolution/css/settings', media: 'all', 'data-turbolinks-track': 'reload' %>
    <%= stylesheet_link_tag 'pofo/revolution/css/layers', media: 'all', 'data-turbolinks-track': 'reload' %>
    <%= stylesheet_link_tag 'pofo/revolution/css/navigation', media: 'all', 'data-turbolinks-track': 'reload' %>
    <!-- bootsnav -->
    <%= stylesheet_link_tag 'pofo/css/bootsnav', media: 'all', 'data-turbolinks-track': 'reload' %>
    <!-- style -->
    <%= stylesheet_link_tag 'pofo/css/style', media: 'all', 'data-turbolinks-track': 'reload' %>
    <!-- responsive css -->
    <%= stylesheet_link_tag 'pofo/css/responsive', media: 'all', 'data-turbolinks-track': 'reload' %>
```

[tutto il codice](#11-02-03_03all)



Per il javascript passiamo dalla versione HTML a quella Rails come da seguente esempio (da h: ad r:)

h : <script src="***.js"></script>
r : <%= javascript_pack_tag '***', 'data-turbolinks-track' => true %>

Attenzione:
    Questo funzionava per asset_pipeline (con javascript_link_tag) ma non funziona per webpack. E' meglio commentare le chiamate e scrivere il riferimento direttamente su javascript/packs/application_mockup_pofo

Se proviamo a fare così:

{id: "11-02-02_02", caption: ".../app/views/mockups/blog_clean_full_width.html.erb -- codice 02", format: HTML+Mako, line-numbers: true, number-from: 19}
```
<!-- javascript libraries -->
<%= javascript_pack_tag 'pofo/js/jquery', 'data-turbolinks-track' => true %>
<%= javascript_pack_tag 'pofo/js/modernizr', 'data-turbolinks-track' => true %>
<%= javascript_pack_tag 'pofo/js/bootstrap.bundle', 'data-turbolinks-track' => true %>
<%= javascript_pack_tag 'pofo/js/jquery.easing.1.3', 'data-turbolinks-track' => true %>
<%= javascript_pack_tag 'pofo/js/skrollr.min', 'data-turbolinks-track' => true %>
<%= javascript_pack_tag 'pofo/js/smooth-scroll', 'data-turbolinks-track' => true %>
<%= javascript_pack_tag 'pofo/js/jquery.appear', 'data-turbolinks-track' => true %>
<!-- menu navigation -->
<%= javascript_pack_tag 'pofo/js/bootsnav.js', 'data-turbolinks-track' => true %>
<%= javascript_pack_tag 'pofo/js/jquery.nav.js', 'data-turbolinks-track' => true %>
<!-- animation -->
<%= javascript_pack_tag 'pofo/js/wow.min.js', 'data-turbolinks-track' => true %>
<!-- page scroll -->
<%= javascript_pack_tag 'pofo/js/page-scroll.js', 'data-turbolinks-track' => true %>
<!-- swiper carousel -->
<%= javascript_pack_tag 'pofo/js/swiper.min.js', 'data-turbolinks-track' => true %>
<!-- counter -->
<%= javascript_pack_tag 'pofo/js/jquery.count-to.js', 'data-turbolinks-track' => true %>
<!-- parallax -->
<%= javascript_pack_tag 'pofo/js/jquery.stellar.js', 'data-turbolinks-track' => true %>
<!-- magnific popup -->
<%= javascript_pack_tag 'pofo/js/jquery.magnific-popup.min.js', 'data-turbolinks-track' => true %>
<!-- portfolio with shorting tab -->
<%= javascript_pack_tag 'pofo/js/isotope.pkgd.min.js', 'data-turbolinks-track' => true %>
<!-- images loaded -->
<%= javascript_pack_tag 'pofo/js/imagesloaded.pkgd.min.js', 'data-turbolinks-track' => true %>
<!-- pull menu -->
<%= javascript_pack_tag 'pofo/js/classie.js', 'data-turbolinks-track' => true %>
<%= javascript_pack_tag 'pofo/js/hamburger-menu.js', 'data-turbolinks-track' => true %>
<!-- counter  -->
<%= javascript_pack_tag 'pofo/js/counter.js', 'data-turbolinks-track' => true %>
<!-- fit video  -->
<%= javascript_pack_tag 'pofo/js/jquery.fitvids.js', 'data-turbolinks-track' => true %>
<!-- equalize -->
<%= javascript_pack_tag 'pofo/js/equalize.min.js', 'data-turbolinks-track' => true %>
<!-- skill bars  -->
<%= javascript_pack_tag 'pofo/js/skill.bars.jquery.js', 'data-turbolinks-track' => true %> 
<!-- justified gallery  -->
<%= javascript_pack_tag 'pofo/js/justified-gallery.min.js', 'data-turbolinks-track' => true %>
<!--pie chart-->
<%= javascript_pack_tag 'pofo/js/jquery.easypiechart.min.js', 'data-turbolinks-track' => true %>
<!-- instagram -->
<%= javascript_pack_tag 'pofo/js/instafeed.min.js', 'data-turbolinks-track' => true %>
<!-- retina -->
<%= javascript_pack_tag 'pofo/js/retina.min.js', 'data-turbolinks-track' => true %>
<!-- revolution -->
<%= javascript_pack_tag 'pofo/revolution/js/jquery.themepunch.tools.min.js', 'data-turbolinks-track' => true %>
<%= javascript_pack_tag 'pofo/revolution/js/jquery.themepunch.revolution.min.js', 'data-turbolinks-track' => true %>
<!-- revolution slider extensions (load below extensions JS files only on local file systems to make the slider work! The following part can be removed on server for on demand loading) -->
<!--<script type="text/javascript" src="revolution/js/extensions/revolution.extension.actions.min.js"></script>
<script type="text/javascript" src="revolution/js/extensions/revolution.extension.carousel.min.js"></script>
<script type="text/javascript" src="revolution/js/extensions/revolution.extension.kenburn.min.js"></script>
<script type="text/javascript" src="revolution/js/extensions/revolution.extension.layeranimation.min.js"></script>
<script type="text/javascript" src="revolution/js/extensions/revolution.extension.migration.min.js"></script>
<script type="text/javascript" src="revolution/js/extensions/revolution.extension.navigation.min.js"></script>
<script type="text/javascript" src="revolution/js/extensions/revolution.extension.parallax.min.js"></script>
<script type="text/javascript" src="revolution/js/extensions/revolution.extension.slideanims.min.js"></script>
<script type="text/javascript" src="revolution/js/extensions/revolution.extension.video.min.js"></script>-->
<!-- setting -->
<%= javascript_pack_tag 'pofo/js/main.js', 'data-turbolinks-track' => true %>
```

Riceviamo errore 




## Precompile per lo stylesheets

Nell'asset_pipeline l'unico file che si può chiamare direttamente dalla view è "assets/stylesheets/application.scss" questo file è detto file manifest ed è da questo file che dovremmo chiamare tutti gli altri.
Nel nostro caso siccome richiamiamo i vari files di style direttamente dalla view dobbiamo dichiararle all'applicazione. Questa "dichiarazione" è chiamata "precompile". 


{id: "11-02-02_02", caption: ".../config/application.rb -- codice 02", format: ruby, line-numbers: true, number-from: 21}
```
    # precompile assets pofo stylesheets                                                             
    config.assets.precompile += ['pofo/css/animate.css',
                                 'pofo/css/bootstrap.min.css',
                                 'pofo/css/et-line-icons.css',
                                 'pofo/css/font-awesome.min.css',
                                 'pofo/css/themify-icons.css',
                                 'pofo/css/swiper.min.css',
                                 'pofo/css/justified-gallery.min.css',
                                 'pofo/css/magnific-popup.css',
                                 'pofo/revolution/css/settings.css',
                                 'pofo/revolution/css/layers.css',
                                 'pofo/revolution/css/navigation.css',
                                 'pofo/css/bootsnav.css',
                                 'pofo/css/style.css',
                                 'pofo/css/responsive.css'
                                ]
```

Non seguiamo la convenzione Rails dell'asset_pipeline che prevede di passare per i files manifest perché non li vogliamo attivare per tutta l'applicazione, ma vogliamo richiamarli solo dalle pagine in cui è espressamente fatta la chiamata.

I> Attenzione!
I>
I> Modificando application.rb è necessario riavviare il server rails (rails s ...) per includere le modifiche.




## Verifichiamo preview

{caption: "terminal", format: bash, line-numbers: false}
```
$ sudo service postgresql start
$ rails s
```

apriamo il browser sull'URL:

* https://mycloud9path.amazonaws.com/example_static_pages/posts_index

Vediamo che tutto funziona quasi come ci si aspettava. Mancano solo le immagini ed i fonts delle icone che implemntiamo nei prossimi capitoli
il problema della chiusura del "pagination" è dovuta alla mancanza dell'icona fontawesome. Se mettiamo una lettera in fondo, ad esempio "x", vediamo che chiude correttamente.

{title=".../app/views/mockups/posts_index.html.erb", lang=HTML+Mako, line-numbers=on, starting-line-number=773}
```
                            <li><a href="blog-clean-full-width.html#">Next <i class="fas fa-long-arrow-alt-right margin-5px-left xs-display-none"></i>x</a></li>
```



## archiviamo su git

{caption: "terminal", format: bash, line-numbers: false}
```
$ git add -A
$ git commit -m "add pofo stylesheets e javascripts"
```




## Pubblichiamo su heroku

{caption: "terminal", format: bash, line-numbers: false}
```
$ git push heroku mp:master
```




## Chiudiamo il branch

se abbiamo finito le modifiche e va tutto bene:

{caption: "terminal", format: bash, line-numbers: false}
```
$ git checkout master
$ git merge mp
$ git branch -d mp
```




## Facciamo un backup su Github

Dal nostro branch master di Git facciamo un backup di tutta l'applicazione sulla repository remota Github.

{caption: "terminal", format: bash, line-numbers: false}
```
$ git push origin master
```




## Il codice del capitolo

