# Favorites Company Person new

implementiamo i favoriti delle persone o delle aziende sulla view new di company_person_maps

- Voglio settare come preferita, per una data persona, un'azienda in cui lavora che sto associando adesso (non era già associata)
- Voglio settare come preferita, per una data azienda, un dipendente che sto associando adesso (non era già associata)

Il "lavoro duro" lo abbiamo già fatto implementando il lato edit. In questo capitolo facciamo una semplice implementazione, praticamente un semplice copia/incolla. 




## Apriamo il branch "Favorites CompanyPersonMaps New"

{title="terminal", lang=bash, line-numbers=off}
~~~~~~~~
$ git checkout -b fcpmn
~~~~~~~~




## Aggiungiamo i campi favorite_ids su company_person_maps edit

Li abbiamo già aggiunti perché il partial **_form.html.erb** è lo stesso sia per edit che per new.




## Aggiungiamo i favorites sul controller di company_person_maps 

Lavoriamo sul controller. Abbiamo già abilitato la white list per passare le modifiche. Implementiamo il codice per gestire i preferiti come abbiamo già fatto per edit sull'azione **update**. Solo che in questo caso lo facciamo per new quindi sull'azione **create**.

Sull'azione **create** del controller **company_person_maps_controller**, implementiamo i due nuovi metodi private **manage_favorite_person** e **manage_favorite_company**. Per far questo esplodo su più righe il comando **format.html { ... }** usando

format.html do
  ...
end
  
{title=".../app/controllers/company_person_maps_controller.rb", lang=ruby, line-numbers=on, starting-line-number=52}
~~~~~~~~
        format.html do
          if params[:last_front_controller] == "companies"
            #"seleziona la persona da associare come preferita dell'azienda"
            manage_person_favorite_of_company # private action
          elsif params[:last_front_controller] == "people"
            #"seleziona l'azienda da associare come preferita della persona"
            manage_company_favorite_of_person # private action
          else
            raise "ERROR"
          end
          redirect_to url_for(view_context.h_params_path(path: "/#{params[:last_front_controller]}/#{params[:last_front_id]}", related: params[:last_front_related], page: params[:last_front_page], search: params[:last_front_search])), notice: 'Collegamento aggiornato con successo.'
        end
~~~~~~~~

Abbiamo già scritto il codice dei due nuovi metodi nell'area **private**. Quindi abbiamo finito. ^_^




aggiorniamo git 

{title="terminal", lang=bash, line-numbers=off}
~~~~~~~~
$ git add -A
$ git commit -m "add favorites company_person_maps new"
~~~~~~~~




## Publichiamo su heroku

{title="terminal", lang=bash, line-numbers=off}
~~~~~~~~
$ git push heroku fcpmn:master
~~~~~~~~




## Chiudiamo il branch

se abbiamo finito le modifiche e va tutto bene:

{title="terminal", lang=bash, line-numbers=off}
~~~~~~~~
$ git checkout master
$ git merge fcpmn
$ git branch -d fcpmn
~~~~~~~~




## Facciamo un backup su Github

Dal nostro branch master di Git facciamo un backup di tutta l'applicazione sulla repository remota Github.

{title="terminal", lang=bash, line-numbers=off}
~~~~~~~~
$ git push origin master
~~~~~~~~
