# Files Upload con ActiveStorage - installazione

Da rails 5.2 è inserito un gestore di files upload chiamato ActiveStorage. Vediamo come implementarlo
Attiviamo active record per development e facciamo upload dei files in locale. Nel nostro caso il computer locale è quello di Cloud9.

Risorse web:

  * [GoRails File uploading with ActiveStorage in Rails 5.2](https://gorails.com/episodes/file-uploading-with-activestorage-rails-5-2)
  * [GoRails Direct Uploads with Rails ActiveStorage](https://gorails.com/episodes/direct-uploads-with-rails-active-storage)
  * [Rails Active Storage: Uploading files to Amazon S3 - March 20, 2018](https://keithpblog.org/post/active-storage-on-amazon-s3/)
  * [Active Storage e oltre](https://evilmartians.com/chronicles/rails-5-2-active-storage-and-beyond)
  * [Riferimenti anche per files multipli](http://nts.strzibny.name/displaying-downloading-streaming-files-with-active-storage/)




## Apriamo il branch "Active Storage Files Upload"

{title="terminal", lang=bash, line-numbers=off}
~~~~~~~~
$ git checkout -b asfu
~~~~~~~~



## Attiviamo il migrate per ActiveStorage

Poiché questa non è una gemma da aggiungere ma è già integrata in Rails dobbiamo solo implementarla. Usiamo lo script seguente:


{title="terminal", lang=bash, line-numbers=off}
~~~~~~~~
$ rails active_storage:install


ec2-user:~/environment/myapp (aec) $ rails active_storage:install
Copied migration 20190112095656_create_active_storage_tables.active_storage.rb from active_storage
~~~~~~~~

questo crea il migrate:

{title=".../db/migrate/xxx_create_active_storage_tables.active_storage.rb", lang=ruby, line-numbers=on, starting-line-number=1}
~~~~~~~~
# This migration comes from active_storage (originally 20170806125915)
class CreateActiveStorageTables < ActiveRecord::Migration[5.2]
  def change
    create_table :active_storage_blobs do |t|
      t.string   :key,        null: false
      t.string   :filename,   null: false
      t.string   :content_type
      t.text     :metadata
      t.bigint   :byte_size,  null: false
      t.string   :checksum,   null: false
      t.datetime :created_at, null: false

      t.index [ :key ], unique: true
    end

    create_table :active_storage_attachments do |t|
      t.string     :name,     null: false
      t.references :record,   null: false, polymorphic: true, index: false
      t.references :blob,     null: false

      t.datetime :created_at, null: false

      t.index [ :record_type, :record_id, :name, :blob_id ], name: "index_active_storage_attachments_uniqueness", unique: true
      t.foreign_key :active_storage_blobs, column: :blob_id
    end
  end
end
~~~~~~~~

Questo migrate crea due tabelle:

 * la tabella active_storage_blobs che archivia tutti i metadata
 * la tabella active_storage_attachments che contiene il collegamento tra il tuo model su cui vuoi fare upload ed il tuo archivio-remoto (o locale) dove immagazzini i files. Questo ci permette di non dover fare nuovi migrate per implemenare vari campi di upload.

Effettuiamo il migrate del database per creare la tabella sul database

{title="terminal", lang=bash, line-numbers=off}
~~~~~~~~
$ sudo service postgresql start
$ rails db:migrate
~~~~~~~~




## Settiamo config development

Attiviamo active record per development e facciamo upload dei files in locale. Quindi su Cloud9.
Il settaggio per il production (su Heroku) lo facciamo nel prossimo capitolo.
In realtà per l'upload in locale è già preconfigurato di default

{title=".../config/environments/development.rb", lang=ruby, line-numbers=on, starting-line-number=30}
~~~~~~~~
  # Store uploaded files on the local file system (see config/storage.yml for options)
  config.active_storage.service = :local
~~~~~~~~

Verifichiamo la variabile ":local" nello storage.yml

{title=".../config/storage.yml", lang=yaml, line-numbers=on, starting-line-number=5}
~~~~~~~~
local:
  service: Disk
  root: <%= Rails.root.join("storage") %>
  #host: "http://localhost:5000" #se usi una porta logica diversa dalla 3000.
~~~~~~~~




## Attiviamo upload immagine per il model example_post

Implementiamo un campo in cui carichiamo le immagini per i nostri articoli usando "has_one_attached" di active_storage

{id="01-11-02_01", title=".../app/models/eg_post.rb", lang=ruby, line-numbers=on, starting-line-number=4}
~~~~~~~~
  has_one_attached :header_image
~~~~~~~~

[Codice 01](#01-11-02_01all)

Ogni volta che facciamo l'upload di un'immagine come "header_image" questa chiamata aggiorna in automatico i metatdata della tabella blobs ed il collegamento della tabella attachments. 




## Aggiorniamo il controller

Inseriamo il nostro nuovo campo "header_image" nella whitelist

{id="01-11-02_02", title=".../app/controllers/eg_posts_controller.rb", lang=ruby, line-numbers=on, starting-line-number=74}
~~~~~~~~
    # Never trust parameters from the scary internet, only allow the white list through.
    def eg_post_params
      params.require(:eg_post).permit(:title, :incipit, :user_id, :header_image)
    end
~~~~~~~~

[Codice 02](#01-11-02_02all)




## Implementiamo la view

{id="01-11-02_03", title=".../app/views/eg_posts/_form.html.erb", lang=HTML+Mako, line-numbers=on, starting-line-number=70}
~~~~~~~~
  <div class="field">
    <%= form.label :header_image %>
    <%= form.file_field :header_image %>
  </div>
~~~~~~~~

[Codice 03](#01-11-02_03all)


Per visualizzare l'immagine basta "image_tag @eg_post.header_image" ma per sicurezza mettiamo anche un controllo

{id="01-11-02_04", title=".../app/views/eg_posts/show.html.erb", lang=HTML+Mako, line-numbers=on, starting-line-number=70}
~~~~~~~~
<% if @eg_post.header_image.attached? %>
  <p><%= image_tag @eg_post.header_image %></p>
<% else %>
  <p>Nessuna immagine presente</p>
<% end %>
~~~~~~~~

[Codice 04](#01-11-02_04all)

INFO:
non usiamo ".present?" perché darebbe sempre "true". Per verificare la presenza del file allegato dobbiamo usare ".attached?"




### Verifichiamo preview

{title="terminal", lang=bash, line-numbers=off}
~~~~~~~~
$ sudo service postgresql start
$ rails s
~~~~~~~~

andiamo alla pagina con l'elenco degli articoli ossia sull'URL:

* https://mycloud9path.amazonaws.com/eg_posts

Creaiamo un nuovo articolo ed aggiungiamo un'immagine. Verremo portati su show e vedremo l'immagine nella pagina.
Possiamo inoltre vedere nella log (sul terminale) l'attività di upload nel database:

{title="terminal", lang=bash, line-numbers=off}
~~~~~~~~
Started POST "/example_posts" for 151.29.82.254 at 2019-01-12 15:31:14 +0000
Processing by ExamplePostsController#create as HTML
  Parameters: {"utf8"=>"✓", "authenticity_token"=>"xxx", "example_t"=>"blablabl balbalb a", "user_id"=>"1", "header_image"=>#<ActionDispatch::Http::UploadedFile:0x007efbe81408d0 @tempfile=#<Tempfile:/tmp/RackMultipartture.PNG", @content_type="image/png", @headers="Content-Disposition: form-data; name=\"example_post[header_image]\"; filename=\"Capture.PNG\"\r\nConten post"}
  Disk Storage (2.3ms) Uploaded file to key: QhfddJgsdr4ua7iHFnRdKVVY (checksum: BXeE+PsAnDi98W9P87c9QQ==)
   (0.1ms)  BEGIN
  ↳ app/controllers/example_posts_controller.rb:29
  ActiveStorage::Blob Create (0.3ms)  INSERT INTO "active_storage_blobs" ("key", "filename", "content_type", "metadata", "byte_size", "checksum", "creaING "id"  [["key", "QhfddJgsdr4ua7iHFnRdKVVY"], ["filename", "Capture.PNG"], ["content_type", "image/png"], ["metadata", "{\"identified\":true}"], ["byc9QQ=="], ["created_at", "2019-01-12 15:31:14.990465"]]
  ↳ app/controllers/example_posts_controller.rb:33
  User Load (0.1ms)  SELECT  "users".* FROM "users" WHERE "users"."id" = $1 LIMIT $2  [["id", 1], ["LIMIT", 1]]
  ↳ app/controllers/example_posts_controller.rb:33
  ExamplePost Create (1.8ms)  INSERT INTO "example_posts" ("title", "incipit", "user_id", "created_at", "updated_at") VALUES ($1, $2, $3, $4, $5) RETUR"incipit", "blablabl balbalb a"], ["user_id", 1], ["created_at", "2019-01-12 15:31:15.000380"], ["updated_at", "2019-01-12 15:31:15.000380"]]
  ↳ app/controllers/example_posts_controller.rb:33
  ActiveStorage::Attachment Create (0.8ms)  INSERT INTO "active_storage_attachments" ("name", "record_type", "record_id", "blob_id", "created_at") VALUheader_image"], ["record_type", "ExamplePost"], ["record_id", 10], ["blob_id", 2], ["created_at", "2019-01-12 15:31:15.004697"]]
  ↳ app/controllers/example_posts_controller.rb:33
  ExamplePost Update (0.3ms)  UPDATE "example_posts" SET "updated_at" = $1 WHERE "example_posts"."id" = $2  [["updated_at", "2019-01-12 15:31:15.007433
  ↳ app/controllers/example_posts_controller.rb:33
   (0.8ms)  COMMIT
  ↳ app/controllers/example_posts_controller.rb:33
[ActiveJob] Enqueued ActiveStorage::AnalyzeJob (Job ID: a86c99b7-7c8e-477b-88d7-10c65f22bf77) to Async(default) with arguments: #<GlobalID:0x007efbdc24b/2>>
Redirected to https://2f1de42498c044ff840e5bf7bb1058a4.vfs.cloud9.eu-west-1.amazonaws.com/example_posts/10
Completed 302 Found in 53ms (ActiveRecord: 5.4ms)
~~~~~~~~




## Ridimensioniamo l'immagine

Per ridimensionare l'immagine possiamo chiamare il **.variant(...)**

{title=".../app/views/eg_posts/show.html.erb", lang=HTML+Mako, line-numbers=on, starting-line-number=70}
~~~~~~~~
  <p><%= image_tag @eg_post.header_image.variant(resize: "400x400") %></p>
~~~~~~~~

Attenzione! per funzionare il .variand necessita di minimagic




## installiamo la gemma minimagic

La gemma "mini_magick" ci permette la manipolazione delle immagini con un minimo uso di memoria. Questa gemma si appoggia ad  ImageMagick / GraphicsMagick per l'elaborazione delle immagini.

I> verifichiamo [l'ultima versione della gemma](https://rubygems.org/gems/mini_magick)
I>
I> facciamo riferimento al [tutorial github della gemma](https://github.com/minimagick/minimagick)

{id="01-11-02_05", title=".../Gemfile", lang=ruby, line-numbers=on, starting-line-number=30}
~~~~~~~~
# Use ActiveStorage variant
#gem 'mini_magick', '~> 4.8'
gem 'mini_magick', '~> 4.9', '>= 4.9.5'
~~~~~~~~

[Codice 05](#01-11-02_05all)

I> In realtà la gemma è già presente nel Gemfile basterebbe solo decommentarla però non è detto che sia la versione più aggiornata. Quindi lascio la linea commentata ed aggiungo la più aggiornata, così in caso di problemi attivo quella commentata che sappiamo essere stata testata con Rails.


Eseguiamo l'installazione della gemma con bundle

{title="terminal", lang=bash, line-numbers=off}
~~~~~~~~
$ bundle install
~~~~~~~~




### Installiamo imagemagick su Cloud9

MiniMagick richiede ImageMagic installato. 
Per funzionare mini_magick ha bisogno di imagemagick presente, quindi installiamolo su Cloud9. (Per la produzione, Heroku lo installa automaticamente)




#### usiamo "apt-get" 

Nella maggior parte dei casi usiamo "apt-get". Ma non su aws Cloud9.

{title="terminal", lang=bash, line-numbers=off}
~~~~~~~~
$ sudo apt-get install imagemagick
~~~~~~~~

Se non funziona eseguire:

{title="terminal", lang=bash, line-numbers=off}
~~~~~~~~
$ sudo apt-get update
$ sudo apt-get install imagemagick
~~~~~~~~

Se neanche questo funziona eseguire:

{title="terminal", lang=bash, line-numbers=off}
~~~~~~~~
$ sudo add-apt-repository main
$ sudo apt-get update
$ sudo apt-get install imagemagick
~~~~~~~~


Attenzione! Se su cloud9 abbiamo scelto Amazon Linux invece di Ubuntu dobbiamo usare yum invece di apt-get.

{title="terminal", lang=bash, line-numbers=off}
~~~~~~~~
$ sudo yum install ImageMagick
~~~~~~~~




### Verifichiamo preview

{title="terminal", lang=bash, line-numbers=off}
~~~~~~~~
$ sudo service postgresql start
$ rails s
~~~~~~~~

verifichiamo che adesso la pagina show visualizza un'immagine di 400x400; andiamo all'URL:

* https://mycloud9path.amazonaws.com/example_posts/10




## salviamo su git

{title="terminal", lang=bash, line-numbers=off}
~~~~~~~~
$ git add -A
$ git commit -m "Install ActiveStorage and start implementation"
~~~~~~~~




## Pubblichiamo su Heroku

{title="terminal", lang=bash, line-numbers=off}
~~~~~~~~
$ git push heroku asfu:master
$ heroku run rails db:migrate
~~~~~~~~

~~~~~~~~
remote: ###### WARNING:
remote:        We detected that some binary dependencies required to
remote:        use all the preview features of Active Storage are not
remote:        present on this system.
remote:        
remote:        For more information please see:
remote:          https://devcenter.heroku.com/articles/active-storage-on-heroku
~~~~~~~~

Heroku accetta uploads di immagini direttamente sul suo sito ma è bene attivare un servizio terzo: Amazon S3, Google GCS, Microsoft AzureStorage, Digitalocean, ...
Attenzione. Anche se le immagini heroku le accetta si rischia che queste vengono cancellate dopo un po' di tempo. E comunque occupano del prezioso spazio su Heroku.
es: 
Effettuato l'upload del file "Screen Shot 2018-06-14 at 11.35.28.png" ed è stata caricata su:

https://quiet-shelf-47596.herokuapp.com/rails/active_storage/disk/eyJfcmFpbHMiOnsibWVzc2FnZSI6IkJBaEpJbWQyWVhKcFlXNTBjeTl6UmxKM2IxYzNjamN4UzNWU2VGcFdXbWQwY2tSdFkwMHZZalZpTkdFMFpXTXhPREF6TW1abU5HRmxNemhrTURaaU5EWmxOV1k1WVRWbE5qQTFOalExWkRNeFpUaGpNbVEzWWpBeU9ESXpaakl4WmpFM09Ua3paZ1k2QmtWVSIsImV4cCI6IjIwMTgtMDYtMjVUMTQ6NDY6MjcuNjkyWiIsInB1ciI6ImJsb2Jfa2V5In19--2d9e91046d31c6045815219e10ec136825b9ae6e/Screen%20Shot%202018-06-14%20at%2011.35.28.png?content_type=image%2Fpng&disposition=inline%3B+filename%3D%22Screen+Shot+2018-06-14+at+11.35.28.png%22%3B+filename%2A%3DUTF-8%27%27Screen%2520Shot%25202018-06-14%2520at%252011.35.28.png

Nel prossimo capitolo attiviamo Amazon Web Service S3.




## Chiudiamo il branch

se abbiamo finito le modifiche e va tutto bene:

{title="terminal", lang=bash, line-numbers=off}
~~~~~~~~
$ git checkout master
$ git merge asfu
$ git branch -d asfu
~~~~~~~~




## Facciamo un backup su Github

{title="terminal", lang=bash, line-numbers=off}
~~~~~~~~
$ git push origin master
~~~~~~~~




## Il codice del capitolo




[Codice 01](#01-11-02_01)

{id="01-11-02_01all", title=".../app/models/example_post.rb", lang=ruby, line-numbers=on, starting-line-number=1}
~~~~~~~~
class ExamplePost < ApplicationRecord

 has_one_attached :header_image

  belongs_to :user
end
~~~~~~~~




[Codice 02](#01-11-02_02)

{{id="01-11-02_02all", title=".../app/controllers/example_posts_controller.rb", lang=ruby, line-numbers=on, starting-line-number=1}
~~~~~~~~
class ExamplePostsController < ApplicationController
  before_action :set_example_post, only: [:show, :edit, :update, :destroy]

  # GET /example_posts
  # GET /example_posts.json
  def index
    @example_posts = ExamplePost.all
    authorize @example_posts
  end

  # GET /example_posts/1
  # GET /example_posts/1.json
  def show
  end

  # GET /example_posts/new
  def new
    @example_post = ExamplePost.new
    authorize @example_post
  end

  # GET /example_posts/1/edit
  def edit
  end

  # POST /example_posts
  # POST /example_posts.json
  def create
    @example_post = ExamplePost.new(example_post_params)
    authorize @example_post

    respond_to do |format|
      if @example_post.save
        format.html { redirect_to @example_post, notice: 'Example post was successfully created.' }
        format.json { render :show, status: :created, location: @example_post }
      else
        format.html { render :new }
        format.json { render json: @example_post.errors, status: :unprocessable_entity }
      end
    end
  end

  # PATCH/PUT /example_posts/1
  # PATCH/PUT /example_posts/1.json
  def update
    respond_to do |format|
      if @example_post.update(example_post_params)
        format.html { redirect_to @example_post, notice: 'Example post was successfully updated.' }
        format.json { render :show, status: :ok, location: @example_post }
      else
        format.html { render :edit }
        format.json { render json: @example_post.errors, status: :unprocessable_entity }
      end
    end
  end

  # DELETE /example_posts/1
  # DELETE /example_posts/1.json
  def destroy
    @example_post.destroy
    respond_to do |format|
      format.html { redirect_to example_posts_url, notice: 'Example post was successfully destroyed.' }
      format.json { head :no_content }
    end
  end

  private
    # Use callbacks to share common setup or constraints between actions.
    def set_example_post
      @example_post = ExamplePost.find(params[:id])
      authorize @example_post
    end

    # Never trust parameters from the scary internet, only allow the white list through.
    def example_post_params
      params.require(:example_post).permit(:title, :incipit, :user_id, :header_image)
    end
end
~~~~~~~~




[Codice 03](#01-11-02_03)

{id="01-11-02_03all", title=".../app/views/example_posts/_form.html.erb", lang=HTML+Mako, line-numbers=on, starting-line-number=1}
~~~~~~~~
<%= form_with(model: example_post, local: true) do |form| %>
  <% if example_post.errors.any? %>
    <div id="error_explanation">
      <h2><%= pluralize(example_post.errors.count, "error") %> prohibited this example_post from being saved:</h2>

      <ul>
      <% example_post.errors.full_messages.each do |message| %>
        <li><%= message %></li>
      <% end %>
      </ul>
    </div>
  <% end %>

  <div class="field">
    <%= form.label :title %>
    <%= form.text_field :title %>
  </div>

  <div class="field">
    <%= form.label :incipit %>
    <%= form.text_area :incipit %>
  </div>

  <div class="field">
    <%= form.label :user_id %>
    <%= form.text_field :user_id %>
  </div>

  <div class="field">
    <%= form.label :header_image %>
    <%= form.file_field :header_image %>
  </div>
  
  <div class="actions">
    <%= form.submit %>
  </div>
<% end %>
~~~~~~~~




[Codice 04](#01-11-02_04)

{id="01-11-02_04all", title=".../app/views/example_posts/show.html.erb", lang=HTML+Mako, line-numbers=on, starting-line-number=1}
~~~~~~~~
<p id="notice"><%= notice %></p>

<p>
  <strong>Title:</strong>
  <%= @example_post.title %>
</p>

<p>
  <strong>Incipit:</strong>
  <%= @example_post.incipit %>
</p>

<p>
  <strong>User:</strong>
  <%= @example_post.user %>
</p>

<% if @example_post.header_image.attached? %>
  <p><%= image_tag @example_post.header_image %></p>
<% else %>
  <p>Nessuna immagine presente</p>
<% end %>

<%= link_to 'Edit', edit_example_post_path(@example_post) %> |
<%= link_to 'Back', example_posts_path %>
~~~~~~~~




[Codice 05](#01-11-02_05)

{id="01-11-02_05all", title=".../Gemfile", lang=ruby, line-numbers=on, starting-line-number=1}
~~~~~~~~
source 'https://rubygems.org'
git_source(:github) { |repo| "https://github.com/#{repo}.git" }

ruby '2.4.1'

# Bundle edge Rails instead: gem 'rails', github: 'rails/rails'
gem 'rails', '~> 5.2.1', '>= 5.2.1.1'
# Use postgresql as the database for Active Record
gem 'pg', '>= 0.18', '< 2.0'
# Use Puma as the app server
gem 'puma', '~> 3.11'
# Use SCSS for stylesheets
gem 'sass-rails', '~> 5.0'
# Use Uglifier as compressor for JavaScript assets
gem 'uglifier', '>= 1.3.0'
# See https://github.com/rails/execjs#readme for more supported runtimes
# gem 'mini_racer', platforms: :ruby

# Use CoffeeScript for .coffee assets and views
gem 'coffee-rails', '~> 4.2'
# Turbolinks makes navigating your web application faster. Read more: https://github.com/turbolinks/turbolinks
gem 'turbolinks', '~> 5'
# Build JSON APIs with ease. Read more: https://github.com/rails/jbuilder
gem 'jbuilder', '~> 2.5'
# Use Redis adapter to run Action Cable in production
# gem 'redis', '~> 4.0'
# Use ActiveModel has_secure_password
# gem 'bcrypt', '~> 3.1.7'

# Use ActiveStorage variant
gem 'mini_magick', '~> 4.8'

# Use Capistrano for deployment
# gem 'capistrano-rails', group: :development

# Reduces boot times through caching; required in config/boot.rb
gem 'bootsnap', '>= 1.1.0', require: false

# Flexible authentication solution for Rails with Warden 
gem 'devise', '~> 4.5'

# Object oriented authorization for Rails applications
gem 'pundit', '~> 2.0'

group :development, :test do
  # Call 'byebug' anywhere in the code to stop execution and get a debugger console
  gem 'byebug', platforms: [:mri, :mingw, :x64_mingw]
end

group :development do
  # Access an interactive console on exception pages or by calling 'console' anywhere in the code.
  gem 'web-console', '>= 3.3.0'
  gem 'listen', '>= 3.0.5', '< 3.2'
  # Spring speeds up development by keeping your application running in the background. Read more: https://github.com/rails/spring
  gem 'spring'
  gem 'spring-watcher-listen', '~> 2.0.0'
end

group :test do
  # Adds support for Capybara system testing and selenium driver
  gem 'capybara', '>= 2.15'
  gem 'selenium-webdriver'
  # Easy installation and use of chromedriver to run system tests with Chrome
  gem 'chromedriver-helper'
end

# Windows does not include zoneinfo files, so bundle the tzinfo-data gem
gem 'tzinfo-data', platforms: [:mingw, :mswin, :x64_mingw, :jruby]
~~~~~~~~
