# Restore Rails

Ripristiniamo l'ambiente rails lanciando bundle install.



## Verifichiamo che rails non è attivo

{caption: "terminal", format: bash, line-numbers: false}
```
$ rails -v


user_fb:~/environment $ rails -v
command not found
```




## Bundle install

Adesso che abbiamo PostgreeSQL installato, possiamo lanciare "bundle install".

{caption: "terminal", format: bash, line-numbers: false}
```
$ bundle install
```

Questo ripristina tutto l'ambiente Rails e siamo quindi pronti ad eseguire il web server e verificare il preview




## Verifichiamo che ora rails è attivo

{caption: "terminal", format: bash, line-numbers: false}
```
$ rails -v


user_fb:~/environment $ rails -v
Rails 6.0.0
```




## Verifichiamo preview

{caption: "terminal", format: bash, line-numbers: false}
```
$ sudo service postgresql start
$ rails s
```

apriamo il browser sull'URL:

* https://mycloud9path.amazonaws.com/

E vediamo il seguente errore "FATAL: database "bl6_0_development" does not exist". Questo perché non abbiamo creato i databases su postgreSQL.
