{id: 01-base-02-git-02-inizializziamo_git}
# Cap 2.2 -- Inizializziamo Git

Version Control System. Un gestore che controlla le versioni del software in fase di sviluppo.


Risorse interne:

* 99-rails_references-git_github-git




## Inizializziamo

Entriamo nella directory del nostro nuovo applicativo

{caption: "terminal", format: bash, line-numbers: false}
```
$ cd myapp
```


Vediamo che non c'è le cartelle nascoste **.git**

{caption: "terminal", format: bash, line-numbers: false}
```
$ ls -a
```

inizializziamo git.  

{caption: "terminal", format: bash, line-numbers: false}
```
$ git init
```

I> Ricordiamoci di entrare nella directory del nostro nuovo applicativo "myapp" altrimenti si inizializza git per tutto il workspace e questo è un problema per quando si fa il push su heroku.

Questo genera anche la cartella nascosta git ed i vari files tra cui gitignore per vedere possiamo visualizzare i files nascosti dalla ruota dentata al lato del nome del workspace scegliendo dal menu a discesa la voce "show hidden files"

![Fig. 01](chapters/01-base/02-git/02_fig01-aws_cloud9-show_hidden_files.png)


Oppure da terminale

{caption: "terminal", format: bash, line-numbers: false}
```
$ ls -a
```




## La configurazione globale 

Verifichiamo la configurazione globale di git che è utilizzata per i repository esterni quali Github, Heroku, Gitbuchet, ...
Per verificare le impostazioni di git eseguiamo

{caption: "terminal", format: bash, line-numbers: false}
```
$ git config -l

ec2-user:~/environment/myapp (master) $ git config -l
core.editor=/usr/bin/nano
core.repositoryformatversion=0
core.filemode=true
core.bare=false
core.logallrefupdates=true
```

First-time system setup
Before using Git, you should perform a couple of one-time setup steps. 
These are system setups, meaning you only have to do them once per computer:

{caption: "terminal", format: bash, line-numbers: false}
```
$ git config --global user.name "My Name"
$ git config --global user.email "my@email.com"
$ git config -l


ec2-user:~/environment/myapp (master) $ git config --global user.name "My Name"
ec2-user:~/environment/myapp (master) $ git config --global user.email "my@email.com"
ec2-user:~/environment/myapp (master) $ git config -l
core.editor=/usr/bin/nano
user.name=My Name
user.email=my@email.com
core.repositoryformatversion=0
core.filemode=true
core.bare=false
core.logallrefupdates=true
```

Più avanti quando attiveremo GitHub useremo la stessa email usata qui.
Tieni presente che il nome e l'indirizzo email che utilizzi nella configurazione di Git saranno disponibili in tutti i repository che rendi pubblici.




## Verifichiamo i file da escludere da git

Nel file " .../.gitignore " possiamo vedere tutti i files che sono esclusi da git. Questi files non entreranno a far parte del versioning.
Sono ad esempio i files temporanei o quelli di log o file di configurazione di pacchetti accessori, o il file con la chiave di crittatura che non voglio rendere disponibile nei vari repositories di git. 
Al momento lasciamo il gitignore di default.

{caption: ".../.gitignore -- codice 01", format: yaml, line-numbers: true, number-from: 1}
```
# See https://help.github.com/articles/ignoring-files for more about ignoring files.
#
# If you find yourself ignoring temporary files generated by your text editor
# or operating system, you probably want to add a global ignore instead:
#   git config --global core.excludesfile '~/.gitignore_global'

# Ignore bundler config.
/.bundle

# Ignore all logfiles and tempfiles.
/log/*
/tmp/*
!/log/.keep
!/tmp/.keep

# Ignore uploaded files in development.
/storage/*
!/storage/.keep

/public/assets
.byebug_history

# Ignore master key for decrypting credentials and more.
/config/master.key

/public/packs
/public/packs-test
/node_modules
/yarn-error.log
yarn-debug.log*
.yarn-integrity
```




## Versione iniziale v0.1.0

Effettuiamo il primo commit ed eseguiamo anche il tag v.0.1.0 in accordo con la convenzione del [semantic versioning](http://semver.org)

{caption: "terminal", format: bash, line-numbers: false}
```
$ git add -A
$ git commit -m "new rails app"

$ git tag v0.1.0
```

il tag ci permette di distingure delle "pietre miliari" durante lo sviluppo. Tappe che vengono identificate da un cambio del numero della versione.
Il numero di versione segue le convenzioni del semantic versioning.
