# Restore Rails

Ripristiniamo l'ambiente rails lanciando bundle install.



## Verifichiamo che rails non è attivo

{caption: "terminal", format: bash, line-numbers: false}
```
$ rails -v


user_fb:~/environment $ rails -v
command not found
```




## Bundle install

Adesso che abbiamo PostgreeSQL installato, possiamo lanciare "bundle install".

{caption: "terminal", format: bash, line-numbers: false}
```
$ bundle install
```

Questo ripristina tutto l'ambiente Rails e siamo quindi pronti ad eseguire il web server e verificare il preview




## Verifichiamo che ora rails è attivo

{caption: "terminal", format: bash, line-numbers: false}
```
$ rails -v


user_fb:~/environment $ rails -v
Rails 6.0.0
```




## Verifichiamo preview

{caption: "terminal", format: bash, line-numbers: false}
```
$ sudo service postgresql start
$ rails s

ERRORE DI YARN
```

Abbiamo un errore perché "yarn" non è installato.
