# Installiamo yarn

con il clone da github la parte di rails 6 è automaticamente importata ma non l'ambiente yarn che serve a webpack.





## Verifichiamo che yarn non è installato

{caption: "terminal", format: bash, line-numbers: false}
```
$ yarn --version


user_fb:~/environment/angletheme (rp) $ yarn --version
command not found
```




## Installiamo yarn per Rails 6

Prima di creare una nuova app su rails 6 dobbiamo assicurarci che sia installato yarn per la gestione di webpack.
Per evitare problemi di autorizzazione lo installiamo con i diritti di root.

{caption: "terminal", format: bash, line-numbers: false}
```
$ sudo su - 
-> curl -sS https://dl.yarnpkg.com/debian/pubkey.gpg | sudo apt-key add -
-> echo "deb https://dl.yarnpkg.com/debian/ stable main" | sudo tee /etc/apt/sources.list.d/yarn.list
-> sudo apt-get -y update && sudo apt-get -y install yarn
-> exit


user_fb:~/environment/angletheme (rp) $ sudo su -
root@ip-172-31-40-231:~# curl -sS https://dl.yarnpkg.com/debian/pubkey.gpg | sudo apt-key add -
OK
root@ip-172-31-40-231:~# echo "deb https://dl.yarnpkg.com/debian/ stable main" | sudo tee /etc/apt/sources.list.d/yarn.list
deb https://dl.yarnpkg.com/debian/ stable main
root@ip-172-31-40-231:~# sudo apt-get -y update && sudo apt-get -y install yarn
Hit:1 http://us-east-1.ec2.archive.ubuntu.com/ubuntu bionic InRelease
Get:2 http://us-east-1.ec2.archive.ubuntu.com/ubuntu bionic-updates InRelease [88.7 kB]                                                  
Get:3 http://us-east-1.ec2.archive.ubuntu.com/ubuntu bionic-backports InRelease [74.6 kB]                                                
Hit:4 https://download.docker.com/linux/ubuntu bionic InRelease                                                                                       
Get:5 https://dl.yarnpkg.com/debian stable InRelease [17.1 kB]                                                                                        
Get:6 http://security.ubuntu.com/ubuntu bionic-security InRelease [88.7 kB]                           
Get:7 https://dl.yarnpkg.com/debian stable/main amd64 Packages [9617 B]
Get:8 https://dl.yarnpkg.com/debian stable/main all Packages [9617 B]     
Fetched 288 kB in 1s (513 kB/s)                     
Reading package lists... Done
Reading package lists... Done
Building dependency tree       
Reading state information... Done
The following additional packages will be installed:
  libc-ares2 libhttp-parser2.7.1 nodejs nodejs-doc
The following NEW packages will be installed:
  libc-ares2 libhttp-parser2.7.1 nodejs nodejs-doc yarn
0 upgraded, 5 newly installed, 0 to remove and 1 not upgraded.
Need to get 6497 kB of archives.
After this operation, 30.1 MB of additional disk space will be used.
Get:1 http://us-east-1.ec2.archive.ubuntu.com/ubuntu bionic-updates/universe amd64 nodejs-doc all 8.10.0~dfsg-2ubuntu0.4 [752 kB]
Get:2 http://us-east-1.ec2.archive.ubuntu.com/ubuntu bionic/main amd64 libc-ares2 amd64 1.14.0-1 [37.1 kB]
Get:3 http://us-east-1.ec2.archive.ubuntu.com/ubuntu bionic/main amd64 libhttp-parser2.7.1 amd64 2.7.1-2 [20.6 kB]
Get:4 http://us-east-1.ec2.archive.ubuntu.com/ubuntu bionic-updates/universe amd64 nodejs amd64 8.10.0~dfsg-2ubuntu0.4 [4796 kB]
Get:5 https://dl.yarnpkg.com/debian stable/main amd64 yarn all 1.22.0-1 [891 kB]
Fetched 6497 kB in 0s (40.4 MB/s)                      
Selecting previously unselected package nodejs-doc.
(Reading database ... 129512 files and directories currently installed.)
Preparing to unpack .../nodejs-doc_8.10.0~dfsg-2ubuntu0.4_all.deb ...
Unpacking nodejs-doc (8.10.0~dfsg-2ubuntu0.4) ...
Selecting previously unselected package yarn.
Preparing to unpack .../archives/yarn_1.22.0-1_all.deb ...
Unpacking yarn (1.22.0-1) ...
Selecting previously unselected package libc-ares2:amd64.
Preparing to unpack .../libc-ares2_1.14.0-1_amd64.deb ...
Unpacking libc-ares2:amd64 (1.14.0-1) ...
Selecting previously unselected package libhttp-parser2.7.1:amd64.
Preparing to unpack .../libhttp-parser2.7.1_2.7.1-2_amd64.deb ...
Unpacking libhttp-parser2.7.1:amd64 (2.7.1-2) ...
Selecting previously unselected package nodejs.
Preparing to unpack .../nodejs_8.10.0~dfsg-2ubuntu0.4_amd64.deb ...
Unpacking nodejs (8.10.0~dfsg-2ubuntu0.4) ...
Setting up nodejs-doc (8.10.0~dfsg-2ubuntu0.4) ...
Setting up libhttp-parser2.7.1:amd64 (2.7.1-2) ...
Setting up yarn (1.22.0-1) ...
Setting up libc-ares2:amd64 (1.14.0-1) ...
Setting up nodejs (8.10.0~dfsg-2ubuntu0.4) ...
update-alternatives: using /usr/bin/nodejs to provide /usr/bin/js (js) in auto mode
Processing triggers for man-db (2.8.3-2ubuntu0.1) ...
Processing triggers for libc-bin (2.27-3ubuntu1) ...
root@ip-172-31-40-231:~# exit
logout
user_fb:~/environment/angletheme (rp) $ 
```




## Verifichiamo che si è installato

{caption: "terminal", format: bash, line-numbers: false}
```
$ yarn --version


user_fb:~/environment/angletheme (rp) $ yarn --version
1.22.0
```




## Verifichiamo preview

{caption: "terminal", format: bash, line-numbers: false}
```
$ sudo service postgresql start
$ rails s
```

apriamo il browser sull'URL:

* https://mycloud9path.amazonaws.com/

E vediamo il seguente errore:

[...]
error Found 1 errors.                                                                                                                                  


========================================
  Your Yarn packages are out of date!
  Please run `yarn install --check-files` to update.
========================================
[...]




## Aggiorniamo yarn


{caption: "terminal", format: bash, line-numbers: false}
```
$ yarn install --check-files


user_fb:~/environment/pofotheme (rp) $ yarn install --check-files
yarn install v1.22.4
[1/4] Resolving packages...
[2/4] Fetching packages...
warning compression-webpack-plugin@2.0.0: Invalid bin field for "compression-webpack-plugin".
info fsevents@1.2.9: The platform "linux" is incompatible with this module.
info "fsevents@1.2.9" is an optional dependency and failed compatibility check. Excluding it from installation.
[3/4] Linking dependencies...
warning " > webpack-dev-server@3.8.2" has unmet peer dependency "webpack@^4.0.0".
warning "webpack-dev-server > webpack-dev-middleware@3.7.2" has unmet peer dependency "webpack@^4.0.0".
[4/4] Building fresh packages...
Done in 22.62s.
```

Per approfondimenti: https://yarnpkg.com/en/docs/cli/check 




## Verifichiamo preview

{caption: "terminal", format: bash, line-numbers: false}
```
$ sudo service postgresql start
$ rails s
```

apriamo il browser sull'URL:

* https://mycloud9path.amazonaws.com/

E vediamo il seguente errore "FATAL: database "bl6_0_development" does not exist". 

Questo perché non abbiamo creato i databases su postgreSQL.

