# Rinominiamo i databases

Possiamo saltare questo capitolo.
Serve per rinominare database già presenti in postgreSQL. 

Risorse interne:

* Per approfondimenti rimandiamo al capitolo 01-beginning/01-new_app/06-pg_app_databases




## Cambiamo i nomi dei databases su postgreSQL

Rinominiamo i due database di "S5beginning" direttamente su postgreSQL.

Colleghiamoci a postgreSQL ed elenchiamo tutti i databases.

{title="terminal", lang=bash, line-numbers=off}
~~~~~~~~
$ psql postgres
-> \list


ubuntu:~/environment/s5cmsbeginning (master) $ psql postgres
psql (10.10 (Ubuntu 10.10-0ubuntu0.18.04.1))
Type "help" for help.

postgres=# \list
                                     List of databases
          Name           |  Owner   | Encoding | Collate |  Ctype  |   Access privileges   
-------------------------+----------+----------+---------+---------+-----------------------
 postgres                | postgres | UTF8     | C.UTF-8 | C.UTF-8 | 
 s5beginning_development | ubuntu   | UTF8     | C.UTF-8 | C.UTF-8 | 
 s5beginning_test        | ubuntu   | UTF8     | C.UTF-8 | C.UTF-8 | 
 template0               | postgres | UTF8     | C.UTF-8 | C.UTF-8 | =c/postgres          +
                         |          |          |         |         | postgres=CTc/postgres
 template1               | postgres | UTF8     | C.UTF-8 | C.UTF-8 | =c/postgres          +
                         |          |          |         |         | postgres=CTc/postgres
(5 rows)

postgres=# 
~~~~~~~~

Verifichiamo se ci sono delle connessioni attive sui databases "s5beginning_development" e "s5beginning_test"

{title="terminal", lang=bash, line-numbers=off}
~~~~~~~~
-> SELECT
->     *
-> FROM
->     pg_stat_activity
-> WHERE
->     datname = 's5beginning_development';


postgres=# SELECT
postgres-# *
postgres-# FROM
postgres-# pg_stat_activity
postgres-# WHERE
postgres-# datname = 's5beginning_development';
 datid | datname | pid | usesysid | usename | application_name | client_addr | client_hostname | client_port | backend_start | xact_start | query_start | state_change | wait_event_type | wait_event | state | backend_xid | backend_xmin | query | backend_type 
-------+---------+-----+----------+---------+------------------+-------------+-----------------+-------------+---------------+------------+-------------+--------------+-----------------+------------+-------+-------------+--------------+-------+--------------
(0 rows)

postgres=# 
~~~~~~~~


{title="terminal", lang=bash, line-numbers=off}
~~~~~~~~
-> SELECT
->     *
-> FROM
->     pg_stat_activity
-> WHERE
->     datname = 's5beginning_test';


postgres=# SELECT
*
FROM
pg_stat_activity
WHERE
datname = 's5beginning_test';
 datid | datname | pid | usesysid | usename | application_name | client_addr | client_hostname | client_port | backend_start | xact_start | query_start | state_change | wait_event_type | wait_event | state | backend_xid | backend_xmin | query | backend_type 
-------+---------+-----+----------+---------+------------------+-------------+-----------------+-------------+---------------+------------+-------------+--------------+-----------------+------------+-------+-------------+--------------+-------+--------------
(0 rows)

postgres=# 
~~~~~~~~

Il database non ha nessuna connessione attiva, altrimenti era meglio informare gli utenti connessi di scollegarsi prima di rinominare.
Rinominiamo i due database (da -> a):

* s5beginning_development   -> s5cmsbeginning_development
* s5beginning_test          -> s5cmsbeginning_test

{title="terminal", lang=bash, line-numbers=off}
~~~~~~~~
-> ALTER DATABASE "s5beginning_development" RENAME TO "s5cmsbeginning_development";
-> ALTER DATABASE "s5beginning_test" RENAME TO "s5cmsbeginning_test";


postgres=# ALTER DATABASE "s5beginning_development" RENAME TO "s5cmsbeginning_development";
ALTER DATABASE
postgres=# ALTER DATABASE "s5beginning_test" RENAME TO "s5cmsbeginning_test";
ALTER DATABASE
postgres=# 
~~~~~~~~


Verifichiamo il cambio di nome ed usciamo da postgreSQL

{title="terminal", lang=bash, line-numbers=off}
~~~~~~~~
-> \list
-> \q

postgres=# \list
                                      List of databases
            Name            |  Owner   | Encoding | Collate |  Ctype  |   Access privileges   
----------------------------+----------+----------+---------+---------+-----------------------
 postgres                   | postgres | UTF8     | C.UTF-8 | C.UTF-8 | 
 s5cmsbeginning_development | ubuntu   | UTF8     | C.UTF-8 | C.UTF-8 | 
 s5cmsbeginning_test        | ubuntu   | UTF8     | C.UTF-8 | C.UTF-8 | 
 template0                  | postgres | UTF8     | C.UTF-8 | C.UTF-8 | =c/postgres          +
                            |          |          |         |         | postgres=CTc/postgres
 template1                  | postgres | UTF8     | C.UTF-8 | C.UTF-8 | =c/postgres          +
                            |          |          |         |         | postgres=CTc/postgres
(5 rows)

postgres=# \q
ubuntu:~/environment/s5cmsbeginning (master) $ 
~~~~~~~~




## Rinominiamo i databases nella nostra app Rails

Se provassimo adesso la connessione tra la nostra applicazione ed i databases avremmo ovviamente un errore 

{title="terminal", lang=bash, line-numbers=off}
~~~~~~~~
$ rails db:migrate


ubuntu:~/environment/s5cmsbeginning (master) $ rails db:migrate
rails aborted!
ActiveRecord::NoDatabaseError: FATAL:  database "s5beginning_development" does not exist
~~~~~~~~

Questo perché dobbiamo aggiornare anche config-database.yml

{id="02-03-02_01", title=".../config/database.yml", lang=yaml, line-numbers=on, starting-line-number=24}
~~~~~~~~
development:
  <<: *default
  database: s5cmsbeginning_development
~~~~~~~~

{title=".../config/database.yml", lang=yaml, line-numbers=on, starting-line-number=58}
~~~~~~~~
test:
  <<: *default
  database: s5cmsbeginning_test
~~~~~~~~

{title=".../config/database.yml", lang=yaml, line-numbers=on, starting-line-number=81}
~~~~~~~~
production:
  <<: *default
  database: s5cmsbeginning_production
  username: s5cmsbeginning
  password: <%= ENV['S5BEGINNING_DATABASE_PASSWORD'] %>
~~~~~~~~

[Codice 01](#02-03-02_01all)




## Verifichiamo connessione

Anche se già visto nel preview, verifichiamo da terminale che non c'è comunicazione con il database.

{title="terminal", lang=bash, line-numbers=off}
~~~~~~~~
$ rails db:migrate

ubuntu:~/environment/s5cmsbeginning (master) $ rails db:migrate
ubuntu:~/environment/s5cmsbeginning (master) $ 
~~~~~~~~

c'è comunicazione perché il comando si completa senza errori.




### Verifichiamo preview

{title="terminal", lang=bash, line-numbers=off}
~~~~~~~~
$ sudo service postgresql start
$ rails s
~~~~~~~~

il preview ci apre il browser sull'URL del root_path:

* https://mycloud9path.amazonaws.com/
* https://mycloud9path.amazonaws.com/eg_posts






## Il codice del capitolo




